<?xml version="1.0" encoding="utf-8"?><testsuites><testsuite name="pytest" errors="0" failures="0" skipped="0" tests="1" time="1.414" timestamp="2021-06-13T01:57:21.341616" hostname="guo"><testcase classname="sv_tests.load_testing.checkSnapChanges.TestMosquittoPluggedIssue" name="test_guo" time="1.389" /></testsuite></testsuites>